# Test for the add_integer function

>>> from file import add_integer

# Test with positive integers
>>> add_integer(2, 3)
5

# Test with negative integers
>>> add_integer(-5, -7)
-12

# Test with a mix of positive and negative integers
>>> add_integer(10, -3)
7

# Test with non-integer inputs (should raise a TypeError)
>>> add_integer(2.5, 3.7)
Traceback (most recent call last):
  ...
TypeError: Both inputs must be integers
